[0m] rss 3.65 GB
[0m] rss 3.29 GB
[1m] rss 2.98 GB
[1m] rss 2.46 GB
[1m] rss 4.41 GB
[1m] rss 4.35 GB
[2m] rss 4.37 GB
[2m] rss 5.65 GB
[2m] rss 2.88 GB
[2m] rss 2.80 GB
[5m] rss 3.77 GB
[5m] rss 2.17 GB
[0m] NEW PEAK 2.17 GB
[0m] NEW PEAK 2.28 GB
[0m] NEW PEAK 6.75 GB
[8m] NEW PEAK 7.04 GB
[9m] tooth done (peak was 7.04 GB), next l
[12m] NEW PEAK 3.69 GB
[12m] NEW PEAK 3.74 GB
[12m] NEW PEAK 3.78 GB
[18m] tooth done (peak was 3.78 GB), next l
[22m] NEW PEAK 0.75 GB
[22m] NEW PEAK 0.76 GB
[23m] NEW PEAK 0.77 GB
[23m] NEW PEAK 0.78 GB
[23m] NEW PEAK 0.79 GB
[23m] NEW PEAK 0.80 GB
[23m] NEW PEAK 0.81 GB
[24m] NEW PEAK 0.82 GB
[24m] NEW PEAK 0.83 GB
[24m] NEW PEAK 0.84 GB
[24m] NEW PEAK 0.85 GB
[24m] NEW PEAK 0.86 GB
[24m] NEW PEAK 0.87 GB
[25m] NEW PEAK 0.88 GB
[25m] NEW PEAK 0.89 GB
[25m] NEW PEAK 0.90 GB
[25m] NEW PEAK 0.91 GB
[25m] NEW PEAK 0.92 GB
[26m] NEW PEAK 0.93 GB
[26m] NEW PEAK 0.94 GB
[26m] NEW PEAK 2.98 GB
[26m] NEW PEAK 3.94 GB
[26m] NEW PEAK 4.62 GB
[27m] tooth done (peak was 4.62 GB), next l
[27m] NEW PEAK 3.92 GB
[27m] NEW PEAK 4.66 GB
[27m] NEW PEAK 5.42 GB
[27m] NEW PEAK 5.99 GB
[27m] tooth done (peak was 5.99 GB), next l
[30m] tooth done (peak was 1.60 GB), next l
[30m] NEW PEAK 2.06 GB
[30m] NEW PEAK 2.16 GB
[31m] NEW PEAK 2.27 GB
[31m] NEW PEAK 6.75 GB
[38m] NEW PEAK 7.03 GB
[40m] tooth done (peak was 7.03 GB), next l
[43m] NEW PEAK 1.94 GB
[43m] NEW PEAK 2.05 GB
[43m] NEW PEAK 2.17 GB
[43m] NEW PEAK 2.46 GB
[43m] NEW PEAK 2.64 GB
[45m] NEW PEAK 2.96 GB
[52m] tooth done (peak was 2.96 GB), next l
[57m] NEW PEAK 2.49 GB
[57m] NEW PEAK 3.81 GB
[57m] NEW PEAK 4.59 GB
[58m] NEW PEAK 4.66 GB
[58m] NEW PEAK 5.43 GB
[58m] NEW PEAK 6.00 GB
[58m] NEW PEAK 6.42 GB
[58m] tooth done (peak was 6.42 GB), next l
[58m] tooth done (peak was 3.71 GB), next l
[61m] NEW PEAK 2.32 GB
[62m] NEW PEAK 6.75 GB
[0m] NEW PEAK 1.35 GB
[0m] NEW PEAK 1.36 GB
[0m] NEW PEAK 1.37 GB
[0m] NEW PEAK 1.38 GB
[0m] NEW PEAK 1.39 GB
[1m] NEW PEAK 1.40 GB
[1m] NEW PEAK 1.41 GB
[1m] NEW PEAK 1.42 GB
[1m] alive, rss 1.42 GB, peak 1.42 GB
[2m] NEW PEAK 1.43 GB
[2m] NEW PEAK 1.44 GB
[2m] NEW PEAK 1.45 GB
[3m] NEW PEAK 1.46 GB
[3m] NEW PEAK 1.47 GB
[3m] alive, rss 1.47 GB, peak 1.47 GB
[3m] NEW PEAK 1.48 GB
[3m] NEW PEAK 1.49 GB
[3m] NEW PEAK 1.50 GB
[4m] NEW PEAK 1.87 GB
[4m] NEW PEAK 2.40 GB
[4m] NEW PEAK 2.57 GB
[4m] NEW PEAK 2.75 GB
[4m] NEW PEAK 3.53 GB
[4m] NEW PEAK 4.17 GB
[4m] tooth done (peak was 4.17 GB), next l
[4m] NEW PEAK 3.48 GB
[4m] alive, rss 3.48 GB, peak 3.48 GB
[5m] NEW PEAK 4.55 GB
[5m] NEW PEAK 5.09 GB
[5m] NEW PEAK 5.75 GB
[5m] NEW PEAK 6.20 GB
[5m] tooth done (peak was 6.20 GB), next l
[6m] alive, rss 1.39 GB, peak 1.39 GB
[8m] NEW PEAK 1.81 GB
[8m] NEW PEAK 2.14 GB
[8m] alive, rss 2.14 GB, peak 2.14 GB
[8m] NEW PEAK 2.16 GB
[9m] NEW PEAK 2.27 GB
[9m] NEW PEAK 5.35 GB
[9m] NEW PEAK 5.75 GB
[9m] alive, rss 5.29 GB, peak 5.75 GB
[11m] tooth done (peak was 5.75 GB), next l
[11m] alive, rss 3.40 GB, peak 3.40 GB
[12m] tooth done (peak was 3.40 GB), next l
[13m] alive, rss 1.82 GB, peak 1.82 GB
[14m] alive, rss 1.44 GB, peak 1.82 GB
[16m] alive, rss 1.64 GB, peak 1.82 GB
[16m] NEW PEAK 1.93 GB
[16m] NEW PEAK 3.41 GB
[16m] NEW PEAK 3.83 GB
[17m] NEW PEAK 5.05 GB
[18m] alive, rss 4.47 GB, peak 5.05 GB
[20m] alive, rss 4.47 GB, peak 5.05 GB
[21m] tooth done (peak was 5.05 GB), next l
[21m] NEW PEAK 2.04 GB
[21m] NEW PEAK 2.21 GB
[21m] NEW PEAK 2.71 GB
[21m] alive, rss 2.71 GB, peak 2.71 GB
[23m] alive, rss 1.91 GB, peak 2.71 GB
[23m] tooth done (peak was 2.71 GB), next l
[24m] tooth done (peak was 1.31 GB), next l
[24m] NEW PEAK 0.79 GB
[24m] NEW PEAK 0.80 GB
[24m] NEW PEAK 0.81 GB
[24m] NEW PEAK 0.82 GB
[24m] NEW PEAK 0.83 GB
[25m] alive, rss 0.83 GB, peak 0.83 GB
[25m] NEW PEAK 0.84 GB
[25m] NEW PEAK 1.00 GB
[25m] NEW PEAK 1.01 GB
[25m] NEW PEAK 1.02 GB
[25m] NEW PEAK 1.03 GB
[26m] NEW PEAK 1.04 GB
[26m] NEW PEAK 1.05 GB
[26m] NEW PEAK 1.06 GB
[26m] alive, rss 1.06 GB, peak 1.06 GB
[26m] NEW PEAK 1.07 GB
[27m] NEW PEAK 1.08 GB
[27m] NEW PEAK 1.09 GB
[27m] NEW PEAK 1.10 GB
[28m] NEW PEAK 1.11 GB
[28m] NEW PEAK 1.12 GB
[28m] alive, rss 1.12 GB, peak 1.12 GB
[28m] NEW PEAK 1.13 GB
[29m] tooth done (peak was 1.13 GB), next l
[29m] NEW PEAK 0.65 GB
[29m] NEW PEAK 0.66 GB
[30m] NEW PEAK 0.67 GB
[30m] alive, rss 0.67 GB, peak 0.67 GB
[30m] NEW PEAK 0.68 GB
[30m] NEW PEAK 0.69 GB
[30m] NEW PEAK 0.70 GB
[30m] NEW PEAK 0.71 GB
[30m] NEW PEAK 0.72 GB
[30m] NEW PEAK 0.73 GB
[31m] NEW PEAK 0.74 GB
[31m] NEW PEAK 0.75 GB
[31m] NEW PEAK 0.76 GB
[31m] NEW PEAK 0.77 GB
[31m] NEW PEAK 0.78 GB
[31m] alive, rss 0.78 GB, peak 0.78 GB
[31m] NEW PEAK 0.79 GB
[32m] NEW PEAK 0.80 GB
[32m] NEW PEAK 0.81 GB
[32m] NEW PEAK 0.82 GB
[32m] NEW PEAK 0.83 GB
[32m] NEW PEAK 0.84 GB
[32m] NEW PEAK 0.85 GB
[33m] NEW PEAK 0.86 GB
[33m] NEW PEAK 0.87 GB
[33m] NEW PEAK 0.88 GB
[33m] alive, rss 0.88 GB, peak 0.88 GB
[33m] NEW PEAK 0.89 GB
[33m] NEW PEAK 0.90 GB
[33m] NEW PEAK 0.91 GB
[34m] NEW PEAK 0.92 GB
[34m] NEW PEAK 0.93 GB
[34m] NEW PEAK 0.94 GB
[34m] NEW PEAK 0.95 GB
[34m] NEW PEAK 0.96 GB
[35m] alive, rss 0.95 GB, peak 0.96 GB
[35m] NEW PEAK 3.37 GB
[35m] NEW PEAK 3.76 GB
[35m] NEW PEAK 4.39 GB
[35m] NEW PEAK 4.41 GB
[35m] tooth done (peak was 4.41 GB), next l
[35m] NEW PEAK 3.62 GB
[35m] NEW PEAK 4.64 GB
[36m] NEW PEAK 5.22 GB
[36m] NEW PEAK 5.72 GB
[36m] NEW PEAK 6.20 GB
[36m] tooth done (peak was 6.20 GB), next l
[36m] alive, rss 1.61 GB, peak 1.98 GB
[38m] alive, rss 1.61 GB, peak 1.98 GB
[39m] NEW PEAK 2.00 GB
[39m] NEW PEAK 2.16 GB
[39m] NEW PEAK 2.27 GB
[40m] NEW PEAK 5.47 GB
[40m] alive, rss 5.47 GB, peak 5.47 GB
[40m] NEW PEAK 6.74 GB
[41m] alive, rss 5.09 GB, peak 6.74 GB
[43m] alive, rss 5.09 GB, peak 6.74 GB
[45m] alive, rss 5.09 GB, peak 6.74 GB
[46m] alive, rss 5.09 GB, peak 6.74 GB
[47m] NEW PEAK 7.03 GB
[48m] alive, rss 5.12 GB, peak 7.03 GB
[48m] NEW PEAK 7.54 GB
[49m] tooth done (peak was 7.54 GB), next l
[50m] alive, rss 2.85 GB, peak 3.74 GB
[51m] NEW PEAK 4.40 GB
[51m] alive, rss 4.40 GB, peak 4.40 GB
[53m] alive, rss 4.07 GB, peak 4.40 GB
[55m] alive, rss 2.87 GB, peak 4.40 GB
[56m] tooth done (peak was 4.40 GB), next l
[56m] NEW PEAK 2.43 GB
[56m] alive, rss 2.43 GB, peak 2.43 GB
[57m] NEW PEAK 2.44 GB
[58m] alive, rss 2.11 GB, peak 2.44 GB
[60m] alive, rss 1.96 GB, peak 2.44 GB
[61m] alive, rss 1.89 GB, peak 2.44 GB
[63m] alive, rss 1.93 GB, peak 2.44 GB
[65m] alive, rss 1.98 GB, peak 2.44 GB
[66m] NEW PEAK 3.56 GB
[66m] NEW PEAK 4.53 GB
[66m] NEW PEAK 4.98 GB
[66m] alive, rss 4.98 GB, peak 4.98 GB
[66m] NEW PEAK 5.64 GB
[67m] NEW PEAK 6.19 GB
[67m] tooth done (peak was 6.19 GB), next l
[68m] alive, rss 2.05 GB, peak 2.30 GB
[69m] tooth done (peak was 2.30 GB), next l
[70m] process 56895 exited
